I'm sorry, but errors were detected in your script. Please correct the
errors listed below, and try again.


File "game/script.rpy", line 36: the action keyword argument was not given a value.
    action jump hinata_magazine
           ^

Ren'Py Version: Ren'Py 8.1.1.23060707
Sun Jul 30 19:23:51 2023
